2025-12-04 15:23:59,308 - INFO - ==================================================
2025-12-04 15:23:59,308 - INFO - LEGACY OF STARS - Session Started
2025-12-04 15:23:59,308 - INFO - Log file: game_20251204_152359.log
2025-12-04 15:23:59,309 - INFO - ==================================================
2025-12-04 15:23:59,310 - INFO - 
2025-12-04 15:23:59,310 - INFO - ============================================================
2025-12-04 15:23:59,310 - INFO - GALAXY OVERVIEW - Hidden Civilization Details
2025-12-04 15:23:59,310 - INFO - ============================================================
2025-12-04 15:23:59,311 - INFO -   Deneb (15.5 LY) - No civilization
2025-12-04 15:23:59,311 - INFO - 
2025-12-04 15:23:59,311 - INFO -   Ross 128 (40.3 LY) - No civilization
2025-12-04 15:23:59,311 - INFO - 
2025-12-04 15:23:59,311 - INFO -   Wolf 359 (20.8 LY) - No civilization
2025-12-04 15:23:59,311 - INFO - 
2025-12-04 15:23:59,311 - INFO -   Luyten's Star (9.2 LY) - No civilization
2025-12-04 15:23:59,311 - INFO - 
2025-12-04 15:23:59,311 - INFO -   Capella (27.7 LY) - No civilization
2025-12-04 15:23:59,311 - INFO - 
2025-12-04 15:23:59,311 - INFO -   Sirius (18.6 LY) - No civilization
2025-12-04 15:23:59,312 - INFO - 
2025-12-04 15:23:59,312 - INFO -   Lalande 21185 (25.0 LY) - No civilization
2025-12-04 15:23:59,312 - INFO - 
2025-12-04 15:23:59,312 - INFO -   Vega (7.5 LY) - ACTIVE
2025-12-04 15:23:59,312 - INFO -     Age: 39 years
2025-12-04 15:23:59,312 - INFO -     Stage: PRE_RADIO
2025-12-04 15:23:59,312 - INFO -     Strategy: LR
2025-12-04 15:23:59,312 - INFO -     Deception: 0.25
2025-12-04 15:23:59,312 - INFO -     >>> Listen & Reply - Cautious, only responds when contacted
2025-12-04 15:23:59,312 - INFO - 
2025-12-04 15:23:59,312 - INFO - ============================================================
2025-12-04 15:23:59,312 - INFO - 
2025-12-04 15:24:33,914 - INFO - ============================================================
2025-12-04 15:24:33,914 - INFO - WOW! SIGNAL: No reply sent - cautious approach
2025-12-04 15:24:33,915 - INFO - Achievement: Silent Wisdom
2025-12-04 15:24:33,915 - INFO - ============================================================
