
2025-12-03 14:51:18,090 - INFO - Game started.
2025-12-03 14:52:08,566 - INFO - Research Focused on Lalande 21185. Knowledge +10
2025-12-03 14:52:20,522 - INFO - Research Focused on Wolf 359. Knowledge +10
2025-12-03 14:52:25,057 - INFO - --- Advanced to Generation 2 ---
2025-12-03 14:52:32,234 - INFO - Researched Technology: Deep Space Listening
2025-12-03 14:53:28,575 - INFO - Message Sent to Lalande 21185: Hello. We are Humans from Earth. Who are you?
2025-12-03 14:53:42,413 - INFO - Research Focused on Proxima Centauri. Knowledge +8
2025-12-03 14:53:53,753 - INFO - Research Focused on Altair. Knowledge +8
2025-12-03 14:53:57,758 - INFO - --- Advanced to Generation 3 ---
2025-12-03 14:54:14,297 - INFO - Research Focused on Rigel. Knowledge +11
2025-12-03 14:54:20,573 - INFO - Research Focused on Fomalhaut. Knowledge +11
2025-12-03 14:54:33,938 - INFO - Researched Technology: Global Education Initiative
2025-12-03 14:54:43,210 - INFO - Research Focused on Lalande 21185. Knowledge +11
2025-12-03 14:54:43,210 - INFO - MAJOR DISCOVERY: Civilization Detected at Lalande 21185
2025-12-03 14:54:56,641 - INFO - --- Advanced to Generation 4 ---
2025-12-03 14:55:23,192 - INFO - Message Sent to Altair: Hello
2025-12-03 14:55:35,701 - INFO - Message Sent to Fomalhaut: Hello
2025-12-03 14:55:45,061 - INFO - --- Advanced to Generation 5 ---
2025-12-03 14:55:47,468 - INFO - --- Advanced to Generation 6 ---
2025-12-03 15:02:42,016 - INFO - Game started.
2025-12-03 15:03:06,770 - INFO - GAME OVER: Defeat/Discontinued. Gen 1, Knowledge 10%
2025-12-03 15:03:42,013 - INFO - Game started.
2025-12-03 15:03:46,181 - INFO - Research Focused on Deneb. Knowledge +10
2025-12-03 15:03:49,556 - INFO - Research Focused on Altair. Knowledge +10
2025-12-03 15:03:56,193 - INFO - --- Advanced to Generation 2 ---
2025-12-03 15:04:39,352 - INFO - GAME OVER: Defeat/Discontinued. Gen 2, Knowledge 10%
