2025-12-03 17:35:51,707 - INFO - ==================================================
2025-12-03 17:35:51,708 - INFO - LEGACY OF STARS - Session Started
2025-12-03 17:35:51,708 - INFO - Log file: game_20251203_173551.log
2025-12-03 17:35:51,708 - INFO - ==================================================
2025-12-03 17:36:13,451 - INFO - Research Focused on Fomalhaut. Knowledge +9
2025-12-03 17:36:19,098 - INFO - Research Focused on Tau Ceti. Knowledge +9
2025-12-03 17:36:21,055 - INFO - --- Advanced to Generation 2 ---
2025-12-03 17:36:27,739 - INFO - Researched Technology: Deep Space Listening
2025-12-03 17:36:41,756 - INFO - Research Focused on Capella. Knowledge +10
2025-12-03 17:37:04,976 - INFO - Research Focused on Capella. Knowledge +10
2025-12-03 17:37:04,977 - INFO - MAJOR DISCOVERY: Civilization Detected at Capella
2025-12-03 17:37:10,916 - INFO - Research Focused on Capella. Knowledge +10
2025-12-03 17:37:22,464 - INFO - Researched Technology: Global Education Initiative
2025-12-03 17:37:23,969 - INFO - --- Advanced to Generation 3 ---
2025-12-03 17:37:31,616 - INFO - --- Advanced to Generation 4 ---
2025-12-03 17:37:32,427 - INFO - --- Advanced to Generation 5 ---
2025-12-03 17:37:33,304 - INFO - --- Advanced to Generation 6 ---
2025-12-03 17:37:50,269 - INFO - Message Sent to Capella: Hello
2025-12-03 17:38:46,114 - INFO - Researched Technology: Basic Physics
2025-12-03 17:38:51,334 - INFO - Research Focused on Tau Ceti. Knowledge +12
2025-12-03 17:39:02,337 - INFO - Research Focused on Hadar. Knowledge +12
2025-12-03 17:39:02,337 - INFO - MAJOR DISCOVERY: Civilization Detected at Hadar
2025-12-03 17:39:30,732 - INFO - Research Focused on Hadar. Knowledge +12
2025-12-03 17:39:34,917 - INFO - --- Advanced to Generation 7 ---
2025-12-03 17:39:43,197 - INFO - Research Focused on Achernar. Knowledge +9
2025-12-03 17:39:47,134 - INFO - Research Focused on Capella. Knowledge +9
2025-12-03 17:39:58,857 - INFO - Research Focused on Hadar. Knowledge +9
2025-12-03 17:40:18,522 - INFO - Research Focused on Procyon. Knowledge +9
2025-12-03 17:40:27,050 - INFO - Researched Technology: Industrial Engineering
2025-12-03 17:40:29,054 - INFO - --- Advanced to Generation 8 ---
2025-12-03 17:40:40,077 - INFO - Research Focused on Hadar. Knowledge +8
2025-12-03 17:40:43,272 - INFO - Research Focused on Hadar. Knowledge +8
2025-12-03 17:40:48,944 - INFO - Research Focused on Hadar. Knowledge +8
2025-12-03 17:40:55,422 - INFO - Message Sent to Hadar: Hello
2025-12-03 17:41:06,402 - INFO - --- Advanced to Generation 9 ---
2025-12-03 17:41:06,403 - INFO - EVENT: Ecological Collapse triggered.
2025-12-03 17:41:17,495 - INFO - --- Advanced to Generation 10 ---
2025-12-03 17:41:17,495 - INFO - Message Received from Capella: Zhraa! Greetings human! We have been studying your...
2025-12-03 17:41:53,870 - INFO - Message Sent to Capella: Yes. We would like to learn from you
2025-12-03 20:00:10,700 - INFO - --- Advanced to Generation 11 ---
2025-12-03 20:00:11,234 - INFO - --- Advanced to Generation 12 ---
2025-12-03 20:00:11,842 - INFO - --- Advanced to Generation 13 ---
2025-12-03 20:00:12,448 - INFO - --- Advanced to Generation 14 ---
2025-12-03 20:00:12,448 - INFO - Message Received from Capella: *excited chirping and clicking sounds emanate from...
2025-12-03 20:01:19,436 - INFO - GAME OVER: Defeat/Discontinued. Gen 14, Knowledge 20%
