2025-12-04 22:31:19,165 - INFO - ==================================================
2025-12-04 22:31:19,165 - INFO - LEGACY OF STARS - Session Started
2025-12-04 22:31:19,165 - INFO - Log file: game_20251204_223119.log
2025-12-04 22:31:19,165 - INFO - ==================================================
2025-12-04 22:31:19,166 - INFO - 
2025-12-04 22:31:19,166 - INFO - ============================================================
2025-12-04 22:31:19,166 - INFO - GALAXY OVERVIEW - Hidden Civilization Details
2025-12-04 22:31:19,166 - INFO - ============================================================
2025-12-04 22:31:19,181 - INFO -   Luyten's Star (15.6 LY) - No civilization
2025-12-04 22:31:19,181 - INFO - 
2025-12-04 22:31:19,181 - INFO -   Procyon (49.8 LY) - No civilization
2025-12-04 22:31:19,181 - INFO - 
2025-12-04 22:31:19,182 - INFO -   Epsilon Eridani (46.8 LY) - No civilization
2025-12-04 22:31:19,182 - INFO - 
2025-12-04 22:31:19,182 - INFO -   Rigel (19.0 LY) - No civilization
2025-12-04 22:31:19,182 - INFO - 
2025-12-04 22:31:19,182 - INFO -   Teegarden's Star (21.4 LY) - No civilization
2025-12-04 22:31:19,182 - INFO - 
2025-12-04 22:31:19,182 - INFO -   Ross 128 (4.6 LY) - No civilization
2025-12-04 22:31:19,182 - INFO - 
2025-12-04 22:31:19,182 - INFO -   Capella (21.4 LY) - ACTIVE
2025-12-04 22:31:19,182 - INFO -     Age: 4028 years
2025-12-04 22:31:19,182 - INFO -     Stage: INTERPLANETARY
2025-12-04 22:31:19,182 - INFO -     Strategy: LR
2025-12-04 22:31:19,182 - INFO -     Deception: 0.41
2025-12-04 22:31:19,182 - INFO -     >>> Listen & Reply - Cautious, only responds when contacted
2025-12-04 22:31:19,183 - INFO - 
2025-12-04 22:31:19,183 - INFO -   Tau Ceti (19.8 LY) - No civilization
2025-12-04 22:31:19,183 - INFO - 
2025-12-04 22:31:19,183 - INFO - ============================================================
2025-12-04 22:31:19,183 - INFO - 
2025-12-04 22:31:25,412 - INFO - ============================================================
2025-12-04 22:31:25,412 - INFO - WOW! SIGNAL: No reply sent - cautious approach
2025-12-04 22:31:25,412 - INFO - Achievement: Silent Wisdom
2025-12-04 22:31:25,412 - INFO - ============================================================
2025-12-04 22:32:42,065 - INFO - GAME OVER: Defeat/Discontinued. Gen 1, Knowledge 10%
